The disk info is:  'b'\nDisk /dev/sda: 120.0 GB, 120034123776 bytes, 234441648 sectors\nUnits = sectors of 1 * 512 = 512 bytes\nSector size (logical/physical): 512 bytes / 512 bytes\nI/O size (minimum/optimal): 512 bytes / 512 bytes\n\n\nDisk /dev/sdb: 120.0 GB, 120034123776 bytes, 234441648 sectors\nUnits = sectors of 1 * 512 = 512 bytes\nSector size (logical/physical): 512 bytes / 512 bytes\nI/O size (minimum/optimal): 512 bytes / 512 bytes\nDisk label type: dos\nDisk identifier: 0x00093432\n\n   Device Boot      Start         End      Blocks   Id  System\n/dev/sdb1   *        2048     2099199     1048576   83  Linux\n/dev/sdb2         2099200   250068991   123984896   8e  Linux LVM\n\nDisk /dev/sdc: 512.1 GB, 512110190592 bytes, 1000215216 sectors\nUnits = sectors of 1 * 512 = 512 bytes\nSector size (logical/physical): 512 bytes / 512 bytes\nI/O size (minimum/optimal): 512 bytes / 512 bytes\n\n\nDisk /dev/sdd: 31.2 GB, 31205621760 bytes, 60948480 sectors\nUnits = sectors of 1 * 512 = 512 bytes\nSector size (logical/physical): 512 bytes / 512 bytes\nI/O size (minimum/optimal): 512 bytes / 512 bytes\nDisk label type: dos\nDisk identifier: 0x00000000\n\n   Device Boot      Start         End      Blocks   Id  System\n/dev/sdd1               1    30031249    15015624+  ee  GPT\n\nDisk /dev/mapper/centos-root: 12.5 GB, 12549357568 bytes, 24510464 sectors\nUnits = sectors of 1 * 512 = 512 bytes\nSector size (logical/physical): 512 bytes / 512 bytes\nI/O size (minimum/optimal): 512 bytes / 512 bytes\n\n\nDisk /dev/mapper/centos-swap: 1539 MB, 1539309568 bytes, 3006464 sectors\nUnits = sectors of 1 * 512 = 512 bytes\nSector size (logical/physical): 512 bytes / 512 bytes\nI/O size (minimum/optimal): 512 bytes / 512 bytes\n\n\nDisk /dev/nvme0n1: 1024.2 GB, 1024209543168 bytes, 2000409264 sectors\nUnits = sectors of 1 * 512 = 512 bytes\nSector size (logical/physical): 512 bytes / 512 bytes\nI/O size (minimum/optimal): 512 bytes / 512 bytes\nDisk label type: dos\nDisk identifier: 0x000c1abd\n\n        Device Boot      Start         End      Blocks   Id  System\n/dev/nvme0n1p1   *        2048     2099199     1048576   83  Linux\n/dev/nvme0n1p2         2099200   468860927   233380864   8e  Linux LVM\n\nDisk /dev/mapper/cl-swap: 8388 MB, 8388608000 bytes, 16384000 sectors\nUnits = sectors of 1 * 512 = 512 bytes\nSector size (logical/physical): 512 bytes / 512 bytes\nI/O size (minimum/optimal): 512 bytes / 512 bytes\n\n\nDisk /dev/mapper/cl-home: 64.9 GB, 64877494272 bytes, 126713856 sectors\nUnits = sectors of 1 * 512 = 512 bytes\nSector size (logical/physical): 512 bytes / 512 bytes\nI/O size (minimum/optimal): 512 bytes / 512 bytes\n\n''ETH test start The disk info is:  'b'\nDisk /dev/sda: 120.0 GB, 120034123776 bytes, 234441648 sectors\nUnits = sectors of 1 * 512 = 512 bytes\nSector size (logical/physical): 512 bytes / 512 bytes\nI/O size (minimum/optimal): 512 bytes / 512 bytes\n\n\nDisk /dev/sdb: 120.0 GB, 120034123776 bytes, 234441648 sectors\nUnits = sectors of 1 * 512 = 512 bytes\nSector size (logical/physical): 512 bytes / 512 bytes\nI/O size (minimum/optimal): 512 bytes / 512 bytes\nDisk label type: dos\nDisk identifier: 0x00093432\n\n   Device Boot      Start         End      Blocks   Id  System\n/dev/sdb1   *        2048     2099199     1048576   83  Linux\n/dev/sdb2         2099200   250068991   123984896   8e  Linux LVM\n\nDisk /dev/sdc: 512.1 GB, 512110190592 bytes, 1000215216 sectors\nUnits = sectors of 1 * 512 = 512 bytes\nSector size (logical/physical): 512 bytes / 512 bytes\nI/O size (minimum/optimal): 512 bytes / 512 bytes\n\n\nDisk /dev/sdd: 31.2 GB, 31205621760 bytes, 60948480 sectors\nUnits = sectors of 1 * 512 = 512 bytes\nSector size (logical/physical): 512 bytes / 512 bytes\nI/O size (minimum/optimal): 512 bytes / 512 bytes\nDisk label type: dos\nDisk identifier: 0x00000000\n\n   Device Boot      Start         End      Blocks   Id  System\n/dev/sdd1               1    30031249    15015624+  ee  GPT\n\nDisk /dev/mapper/centos-root: 12.5 GB, 12549357568 bytes, 24510464 sectors\nUnits = sectors of 1 * 512 = 512 bytes\nSector size (logical/physical): 512 bytes / 512 bytes\nI/O size (minimum/optimal): 512 bytes / 512 bytes\n\n\nDisk /dev/mapper/centos-swap: 1539 MB, 1539309568 bytes, 3006464 sectors\nUnits = sectors of 1 * 512 = 512 bytes\nSector size (logical/physical): 512 bytes / 512 bytes\nI/O size (minimum/optimal): 512 bytes / 512 bytes\n\n\nDisk /dev/nvme0n1: 1024.2 GB, 1024209543168 bytes, 2000409264 sectors\nUnits = sectors of 1 * 512 = 512 bytes\nSector size (logical/physical): 512 bytes / 512 bytes\nI/O size (minimum/optimal): 512 bytes / 512 bytes\nDisk label type: dos\nDisk identifier: 0x000c1abd\n\n        Device Boot      Start         End      Blocks   Id  System\n/dev/nvme0n1p1   *        2048     2099199     1048576   83  Linux\n/dev/nvme0n1p2         2099200   468860927   233380864   8e  Linux LVM\n\nDisk /dev/mapper/cl-swap: 8388 MB, 8388608000 bytes, 16384000 sectors\nUnits = sectors of 1 * 512 = 512 bytes\nSector size (logical/physical): 512 bytes / 512 bytes\nI/O size (minimum/optimal): 512 bytes / 512 bytes\n\n\nDisk /dev/mapper/cl-home: 64.9 GB, 64877494272 bytes, 126713856 sectors\nUnits = sectors of 1 * 512 = 512 bytes\nSector size (logical/physical): 512 bytes / 512 bytes\nI/O size (minimum/optimal): 512 bytes / 512 bytes\n\n''ETH test start The disk info is:  'b'\nDisk /dev/sda: 120.0 GB, 120034123776 bytes, 234441648 sectors\nUnits = sectors of 1 * 512 = 512 bytes\nSector size (logical/physical): 512 bytes / 512 bytes\nI/O size (minimum/optimal): 512 bytes / 512 bytes\n\n\nDisk /dev/sdb: 120.0 GB, 120034123776 bytes, 234441648 sectors\nUnits = sectors of 1 * 512 = 512 bytes\nSector size (logical/physical): 512 bytes / 512 bytes\nI/O size (minimum/optimal): 512 bytes / 512 bytes\nDisk label type: dos\nDisk identifier: 0x00093432\n\n   Device Boot      Start         End      Blocks   Id  System\n/dev/sdb1   *        2048     2099199     1048576   83  Linux\n/dev/sdb2         2099200   250068991   123984896   8e  Linux LVM\n\nDisk /dev/sdc: 512.1 GB, 512110190592 bytes, 1000215216 sectors\nUnits = sectors of 1 * 512 = 512 bytes\nSector size (logical/physical): 512 bytes / 512 bytes\nI/O size (minimum/optimal): 512 bytes / 512 bytes\n\n\nDisk /dev/sdd: 31.2 GB, 31205621760 bytes, 60948480 sectors\nUnits = sectors of 1 * 512 = 512 bytes\nSector size (logical/physical): 512 bytes / 512 bytes\nI/O size (minimum/optimal): 512 bytes / 512 bytes\nDisk label type: dos\nDisk identifier: 0x00000000\n\n   Device Boot      Start         End      Blocks   Id  System\n/dev/sdd1               1    30031249    15015624+  ee  GPT\n\nDisk /dev/mapper/centos-root: 12.5 GB, 12549357568 bytes, 24510464 sectors\nUnits = sectors of 1 * 512 = 512 bytes\nSector size (logical/physical): 512 bytes / 512 bytes\nI/O size (minimum/optimal): 512 bytes / 512 bytes\n\n\nDisk /dev/mapper/centos-swap: 1539 MB, 1539309568 bytes, 3006464 sectors\nUnits = sectors of 1 * 512 = 512 bytes\nSector size (logical/physical): 512 bytes / 512 bytes\nI/O size (minimum/optimal): 512 bytes / 512 bytes\n\n\nDisk /dev/nvme0n1: 1024.2 GB, 1024209543168 bytes, 2000409264 sectors\nUnits = sectors of 1 * 512 = 512 bytes\nSector size (logical/physical): 512 bytes / 512 bytes\nI/O size (minimum/optimal): 512 bytes / 512 bytes\nDisk label type: dos\nDisk identifier: 0x000c1abd\n\n        Device Boot      Start         End      Blocks   Id  System\n/dev/nvme0n1p1   *        2048     2099199     1048576   83  Linux\n/dev/nvme0n1p2         2099200   468860927   233380864   8e  Linux LVM\n\nDisk /dev/mapper/cl-swap: 8388 MB, 8388608000 bytes, 16384000 sectors\nUnits = sectors of 1 * 512 = 512 bytes\nSector size (logical/physical): 512 bytes / 512 bytes\nI/O size (minimum/optimal): 512 bytes / 512 bytes\n\n\nDisk /dev/mapper/cl-home: 64.9 GB, 64877494272 bytes, 126713856 sectors\nUnits = sectors of 1 * 512 = 512 bytes\nSector size (logical/physical): 512 bytes / 512 bytes\nI/O size (minimum/optimal): 512 bytes / 512 bytes\n\n''ETH test start 